
    _____ _            _    _             _            
   / ____| |          | |  | |           | |           
  | (___ | |_ ___  __ | |__| |_   _ _ __ | |_ ___ _ __ 
   \___ \| __/ _ \/ _\|  __  | | | | '_ \| __/ _ \ '__|
   ____) | ||  __/ (_| | |  | | |_| | | | | ||  __/ |   
  |_____/ \__\___|\__,_|_|  |_|\__,_|_| |_|\__\___|_|   

  ====================================================================
      STEGHUNTER - Advanced Steganography & Forensics Detection
  ====================================================================
             Multi-Model ML | Video Analysis | Heatmaps
  
  DETECTION PIPELINE:
  [Phase 1] File Forensics & Metadata Analysis
  [Phase 2] Image Artifact Detection (LSB, ELA, JPEG Ghost)
  [Phase 3] Clone Detection & Forgery Analysis
  [Phase 4] Video Frame Analysis & Temporal Detection
  [Phase 5] 4 ML Models (Random Forest, XGBoost, SVM, Ensemble)

  ML MODELS:
  - Random Forest    [92% accuracy]  Fast baseline
  - XGBoost          [96% accuracy]  Highest performance
  - SVM              [94% accuracy]  Non-linear patterns
  - Ensemble         [97% accuracy]  Best consensus

  ====================================================================
  Type 'steg-hunter --help' for available commands
  ====================================================================

>>> StegHunter v2.0.0 ready | 4 ML Models | 5-Phase Pipeline

WARNING:tensorflow:TensorFlow GPU support is not available on native Windows for TensorFlow >= 2.11. Even if CUDA/cuDNN are installed, GPU will not be used. Please use WSL2 or the TensorFlow-DirectML plugin.
[INFO] Deep CNN TensorFlow detector loaded successfully.
Traceback (most recent call last):
  File "C:\Users\Soumya Dubey\OneDrive\Desktop\Shubham\StegHunter\steg_hunter_cli.py", line 225, in analyze
    print_info(f"Analyzing: {image_path}")
    ~~~~~~~~~~^^^^^^^^^^^^^^^^^^^^^^^^^^^^
  File "C:\Users\Soumya Dubey\OneDrive\Desktop\Shubham\StegHunter\steg_hunter_cli.py", line 111, in print_info
    console.print(f"\u2139 {message}", style="bold blue")
    ~~~~~~~~~~~~~^^^^^^^^^^^^^^^^^^^^^^^^^^^^^^^^^^^
  File "C:\Users\Soumya Dubey\AppData\Local\Programs\Python\Python313\Lib\site-packages\rich\console.py", line 1697, in print
    with self:
         ^^^^
  File "C:\Users\Soumya Dubey\AppData\Local\Programs\Python\Python313\Lib\site-packages\rich\console.py", line 870, in __exit__
    self._exit_buffer()
    ~~~~~~~~~~~~~~~~~^^
  File "C:\Users\Soumya Dubey\AppData\Local\Programs\Python\Python313\Lib\site-packages\rich\console.py", line 826, in _exit_buffer
    self._check_buffer()
    ~~~~~~~~~~~~~~~~~~^^
  File "C:\Users\Soumya Dubey\AppData\Local\Programs\Python\Python313\Lib\site-packages\rich\console.py", line 2042, in _check_buffer
    self._write_buffer()
    ~~~~~~~~~~~~~~~~~~^^
  File "C:\Users\Soumya Dubey\AppData\Local\Programs\Python\Python313\Lib\site-packages\rich\console.py", line 2078, in _write_buffer
    legacy_windows_render(buffer, LegacyWindowsTerm(self.file))
    ~~~~~~~~~~~~~~~~~~~~~^^^^^^^^^^^^^^^^^^^^^^^^^^^^^^^^^^^^^^
  File "C:\Users\Soumya Dubey\AppData\Local\Programs\Python\Python313\Lib\site-packages\rich\_windows_renderer.py", line 17, in legacy_windows_render
    term.write_styled(text, style)
    ~~~~~~~~~~~~~~~~~^^^^^^^^^^^^^
  File "C:\Users\Soumya Dubey\AppData\Local\Programs\Python\Python313\Lib\site-packages\rich\_win32_console.py", line 441, in write_styled
    self.write_text(text)
    ~~~~~~~~~~~~~~~^^^^^^
  File "C:\Users\Soumya Dubey\AppData\Local\Programs\Python\Python313\Lib\site-packages\rich\_win32_console.py", line 402, in write_text
    self.write(text)
    ~~~~~~~~~~^^^^^^
  File "C:\Users\Soumya Dubey\AppData\Local\Programs\Python\Python313\Lib\encodings\cp1252.py", line 19, in encode
    return codecs.charmap_encode(input,self.errors,encoding_table)[0]
           ~~~~~~~~~~~~~~~~~~~~~^^^^^^^^^^^^^^^^^^^^^^^^^^^^^^^^^^
UnicodeEncodeError: 'charmap' codec can't encode character '\u2139' in position 0: character maps to <undefined>

During handling of the above exception, another exception occurred:

Traceback (most recent call last):
  File "C:\Users\Soumya Dubey\OneDrive\Desktop\Shubham\StegHunter\steg_hunter_cli.py", line 765, in <module>
    main()
    ~~~~^^
  File "C:\Users\Soumya Dubey\OneDrive\Desktop\Shubham\StegHunter\steg_hunter_cli.py", line 761, in main
    cli(obj=Config())
    ~~~^^^^^^^^^^^^^^
  File "C:\Users\Soumya Dubey\AppData\Local\Programs\Python\Python313\Lib\site-packages\click\core.py", line 1485, in __call__
    return self.main(*args, **kwargs)
           ~~~~~~~~~^^^^^^^^^^^^^^^^^
  File "C:\Users\Soumya Dubey\AppData\Local\Programs\Python\Python313\Lib\site-packages\click\core.py", line 1406, in main
    rv = self.invoke(ctx)
  File "C:\Users\Soumya Dubey\AppData\Local\Programs\Python\Python313\Lib\site-packages\click\core.py", line 1873, in invoke
    return _process_result(sub_ctx.command.invoke(sub_ctx))
                           ~~~~~~~~~~~~~~~~~~~~~~^^^^^^^^^
  File "C:\Users\Soumya Dubey\AppData\Local\Programs\Python\Python313\Lib\site-packages\click\core.py", line 1269, in invoke
    return ctx.invoke(self.callback, **ctx.params)
           ~~~~~~~~~~^^^^^^^^^^^^^^^^^^^^^^^^^^^^^
  File "C:\Users\Soumya Dubey\AppData\Local\Programs\Python\Python313\Lib\site-packages\click\core.py", line 824, in invoke
    return callback(*args, **kwargs)
  File "C:\Users\Soumya Dubey\AppData\Local\Programs\Python\Python313\Lib\site-packages\click\decorators.py", line 34, in new_func
    return f(get_current_context(), *args, **kwargs)
  File "C:\Users\Soumya Dubey\OneDrive\Desktop\Shubham\StegHunter\steg_hunter_cli.py", line 285, in analyze
    print_error(f"Error: {e}")
    ~~~~~~~~~~~^^^^^^^^^^^^^^^
  File "C:\Users\Soumya Dubey\OneDrive\Desktop\Shubham\StegHunter\steg_hunter_cli.py", line 106, in print_error
    console.print(f"\u2717 {message}", style="bold red")
    ~~~~~~~~~~~~~^^^^^^^^^^^^^^^^^^^^^^^^^^^^^^^^^^
  File "C:\Users\Soumya Dubey\AppData\Local\Programs\Python\Python313\Lib\site-packages\rich\console.py", line 1697, in print
    with self:
         ^^^^
  File "C:\Users\Soumya Dubey\AppData\Local\Programs\Python\Python313\Lib\site-packages\rich\console.py", line 870, in __exit__
    self._exit_buffer()
    ~~~~~~~~~~~~~~~~~^^
  File "C:\Users\Soumya Dubey\AppData\Local\Programs\Python\Python313\Lib\site-packages\rich\console.py", line 826, in _exit_buffer
    self._check_buffer()
    ~~~~~~~~~~~~~~~~~~^^
  File "C:\Users\Soumya Dubey\AppData\Local\Programs\Python\Python313\Lib\site-packages\rich\console.py", line 2042, in _check_buffer
    self._write_buffer()
    ~~~~~~~~~~~~~~~~~~^^
  File "C:\Users\Soumya Dubey\AppData\Local\Programs\Python\Python313\Lib\site-packages\rich\console.py", line 2078, in _write_buffer
    legacy_windows_render(buffer, LegacyWindowsTerm(self.file))
    ~~~~~~~~~~~~~~~~~~~~~^^^^^^^^^^^^^^^^^^^^^^^^^^^^^^^^^^^^^^
  File "C:\Users\Soumya Dubey\AppData\Local\Programs\Python\Python313\Lib\site-packages\rich\_windows_renderer.py", line 17, in legacy_windows_render
    term.write_styled(text, style)
    ~~~~~~~~~~~~~~~~~^^^^^^^^^^^^^
  File "C:\Users\Soumya Dubey\AppData\Local\Programs\Python\Python313\Lib\site-packages\rich\_win32_console.py", line 441, in write_styled
    self.write_text(text)
    ~~~~~~~~~~~~~~~^^^^^^
  File "C:\Users\Soumya Dubey\AppData\Local\Programs\Python\Python313\Lib\site-packages\rich\_win32_console.py", line 402, in write_text
    self.write(text)
    ~~~~~~~~~~^^^^^^
  File "C:\Users\Soumya Dubey\AppData\Local\Programs\Python\Python313\Lib\encodings\cp1252.py", line 19, in encode
    return codecs.charmap_encode(input,self.errors,encoding_table)[0]
           ~~~~~~~~~~~~~~~~~~~~~^^^^^^^^^^^^^^^^^^^^^^^^^^^^^^^^^^
UnicodeEncodeError: 'charmap' codec can't encode character '\u2139' in position 0: character maps to <undefined>
